
There are no discarded input sections

Memory Configuration

Name             Origin             Length             Attributes
FLASH            0x08000000         0x00080000         xr
RAM              0x20000000         0x00020000         xrw
*default*        0x00000000         0xffffffff

Linker script and memory map

LOAD /tmp/cc7LyW7k.o
LOAD /tmp/cclWkesz.o
LOAD /tmp/ccOkRDPS.o
                0x20020000                        _estack = (ORIGIN (RAM) + LENGTH (RAM))

.isr_vector     0x08000000       0x40
 *(.isr_vector)
 .isr_vector    0x08000000       0x40 /tmp/cc7LyW7k.o

.text           0x08000040      0x25c
 *(.text*)
 .text          0x08000040       0x44 /tmp/cc7LyW7k.o
                0x08000040                Reset_Handler
                0x0800006a                Default_Handler
 .text          0x08000084        0xe /tmp/cclWkesz.o
                0x08000084                main
 *fill*         0x08000092        0x2 
 .text          0x08000094      0x208 /tmp/ccOkRDPS.o
                0x080000dc                LED_Init
                0x080001a4                LED_On
                0x080001bc                LED_Off
                0x080001d4                LED_Blink
                0x08000264                LED_SOS
 *(.rodata*)
                0x0800029c                        _etext = .

.glue_7         0x0800029c        0x0
 .glue_7        0x0800029c        0x0 linker stubs

.glue_7t        0x0800029c        0x0
 .glue_7t       0x0800029c        0x0 linker stubs

.vfp11_veneer   0x0800029c        0x0
 .vfp11_veneer  0x0800029c        0x0 linker stubs

.v4_bx          0x0800029c        0x0
 .v4_bx         0x0800029c        0x0 linker stubs

.iplt           0x0800029c        0x0
 .iplt          0x0800029c        0x0 /tmp/cc7LyW7k.o

.rel.dyn        0x0800029c        0x0
 .rel.iplt      0x0800029c        0x0 /tmp/cc7LyW7k.o

.data           0x20000000        0x0 load address 0x0800029c
                0x20000000                        _sdata = .
 *(.data*)
 .data          0x20000000        0x0 /tmp/cc7LyW7k.o
 .data          0x20000000        0x0 /tmp/cclWkesz.o
 .data          0x20000000        0x0 /tmp/ccOkRDPS.o
                0x20000000                        _edata = .
                0x0800029c                        _sidata = LOADADDR (.data)

.igot.plt       0x20000000        0x0 load address 0x0800029c
 .igot.plt      0x20000000        0x0 /tmp/cc7LyW7k.o

.bss            0x20000000        0x0 load address 0x0800029c
                0x20000000                        _sbss = .
 *(.bss*)
 .bss           0x20000000        0x0 /tmp/cc7LyW7k.o
 .bss           0x20000000        0x0 /tmp/cclWkesz.o
 .bss           0x20000000        0x0 /tmp/ccOkRDPS.o
 *(COMMON)
                0x20000000                        _ebss = .
OUTPUT(build/test.elf elf32-littlearm)
LOAD linker stubs

.ARM.attributes
                0x00000000       0x2f
 .ARM.attributes
                0x00000000       0x21 /tmp/cc7LyW7k.o
 .ARM.attributes
                0x00000021       0x2e /tmp/cclWkesz.o
 .ARM.attributes
                0x0000004f       0x2e /tmp/ccOkRDPS.o

.comment        0x00000000       0x23
 .comment       0x00000000       0x23 /tmp/cclWkesz.o
                                 0x24 (size before relaxing)
 .comment       0x00000023        0x0 /tmp/ccOkRDPS.o
                                 0x24 (size before relaxing)
